
[1m[46m RUN [49m[22m [36mv4.0.15 [39m[90mE:/宸ヤ綔鍙?odoo/legal-workspace-vue[39m

[90mstdout[2m | src/services/__tests__/api-client.spec.js[2m > [22m[2mApiClient[2m > [22m[2mshould handle request cancellation
[22m[39mRequest req1 was cancelled

 [32m鉁?[39m src/services/__tests__/api-client.spec.js [2m([22m[2m5 tests[22m[2m)[22m[32m 15[2mms[22m[39m
 [32m鉁?[39m src/features/case/composables/__tests__/useCaseBasicInfo.spec.js [2m([22m[2m5 tests[22m[2m)[22m[32m 5[2mms[22m[39m
[90mstdout[2m | src/features/case/services/__tests__/caseService.spec.js[2m > [22m[2mcaseService[2m > [22m[2mdelete[2m > [22m[2mshould delete case and related data
[22m[39m[caseService] delete called with id: [33m1[39m
[caseService] using BFF mode

 [31m鉂?[39m src/features/case/services/__tests__/caseService.spec.js [2m([22m[2m10 tests[22m[2m | [22m[31m8 failed[39m[2m)[22m[32m 9[2mms[22m[39m
[31m       [31m脳[31m should query Supabase and return data[39m[32m 4[2mms[22m[39m
[31m       [31m脳[31m should apply status filter[39m[32m 1[2mms[22m[39m
[31m       [31m脳[31m should apply search filter[39m[32m 0[2mms[22m[39m
       [32m鉁?[39m should throw error on failure[32m 1[2mms[22m[39m
[31m       [31m脳[31m should fetch single case by ID[39m[32m 0[2mms[22m[39m
       [32m鉁?[39m should throw error if case not found[32m 0[2mms[22m[39m
[31m       [31m脳[31m should generate case number if not provided[39m[32m 1[2mms[22m[39m
[31m       [31m脳[31m should use provided case number[39m[32m 0[2mms[22m[39m
[31m       [31m脳[31m should update case and return updated data[39m[32m 0[2mms[22m[39m
[31m       [31m脳[31m should delete case and related data[39m[32m 1[2mms[22m[39m
 [32m鉁?[39m src/components/__tests__/HistoryModal.test.js [2m([22m[2m17 tests[22m[2m)[22m[32m 26[2mms[22m[39m
[90mstdout[2m | src/components/layout/__tests__/Sidebar.test.js[2m > [22m[2mSidebar.vue[2m > [22m[2m娓叉煋娴嬭瘯[2m > [22m[2m搴旇姝ｇ‘娓叉煋渚ц竟鏍?[22m[39m鉁?Supabase client initialized

 [32m鉁?[39m src/components/layout/__tests__/Sidebar.test.js [2m([22m[2m20 tests[22m[2m)[22m[32m 74[2mms[22m[39m
node.exe : 
所在位置 行:1 字符: 1
+ & "D:\node.js/node.exe" "D:\node.js/node_modules/npm/bi
n/npx-cli.js"  ...
+ ~~~~~~~~~~~~~~~~~~~~~~~~~~~~~~~~~~~~~~~~~~~~~~~~~~~~~~~
~~~~~~~~~~~~~~
    + CategoryInfo          : NotSpecified: (:String) [] 
   , RemoteException
    + FullyQualifiedErrorId : NativeCommandError
 
[31m鈳幆鈳幆鈳幆鈳?[39m[1m[41m Failed Tests 8 [49m[22m[
31m鈳幆鈳幆鈳幆鈳?[39m

[41m[1m FAIL [22m[49m src/features/case/services/__te
sts__/caseService.spec.js[2m > [22mcaseService[2m > [
22mgetList[2m > [22mshould query Supabase and return da
ta
[31m[1mTypeError[22m: Cannot read properties of undefi
ned (reading 'getSession')[39m
[36m [2m鉂?[22m ApiClient.getToken src/services/api-clie
nt.js:[2m59:55[22m[39m
    [90m 57| [39m    [35mconst[39m supabase [33m=[3
9m [34mgetSupabaseClient[39m()
    [90m 58| [39m    [35mif[39m ([33m![39msupabase)
 [35mreturn[39m [35mnull[39m
    [90m 59| [39m    [35mconst[39m { data[33m:[39m 
{ session } } [33m=[39m [35mawait[39m supabase[33m.
[39mauth[33m.[39m[34mgetSession[39m()
    [90m   | [39m                                      
                [31m^[39m
    [90m 60| [39m    [35mreturn[39m session[33m?.[3
9maccess_token
    [90m 61| [39m  }
[90m [2m鉂?[22m ApiClient.request src/services/api-clien
t.js:[2m84:30[22m[39m
[90m [2m鉂?[22m ApiClient.get src/services/api-client.js
:[2m162:17[22m[39m
[90m [2m鉂?[22m Object.getList src/features/case/service
s/caseService.js:[2m22:24[22m[39m
[90m [2m鉂?[22m src/features/case/services/__tests__/cas
eService.spec.js:[2m73:40[22m[39m

[31m[2m鈳幆鈳幆鈳幆鈳幆鈳幆鈳幆鈳幆鈳幆鈳幆鈳幆鈳幆鈳幆[1/8]鈳?[22m
[39m

[41m[1m FAIL [22m[49m src/features/case/services/__te
sts__/caseService.spec.js[2m > [22mcaseService[2m > [
22mgetList[2m > [22mshould apply status filter
[31m[1mTypeError[22m: Cannot read properties of undefi
ned (reading 'getSession')[39m
[36m [2m鉂?[22m ApiClient.getToken src/services/api-clie
nt.js:[2m59:55[22m[39m
    [90m 57| [39m    [35mconst[39m supabase [33m=[3
9m [34mgetSupabaseClient[39m()
    [90m 58| [39m    [35mif[39m ([33m![39msupabase)
 [35mreturn[39m [35mnull[39m
    [90m 59| [39m    [35mconst[39m { data[33m:[39m 
{ session } } [33m=[39m [35mawait[39m supabase[33m.
[39mauth[33m.[39m[34mgetSession[39m()
    [90m   | [39m                                      
                [31m^[39m
    [90m 60| [39m    [35mreturn[39m session[33m?.[3
9maccess_token
    [90m 61| [39m  }
[90m [2m鉂?[22m ApiClient.request src/services/api-clien
t.js:[2m84:30[22m[39m
[90m [2m鉂?[22m ApiClient.get src/services/api-client.js
:[2m162:17[22m[39m
[90m [2m鉂?[22m Object.getList src/features/case/service
s/caseService.js:[2m22:24[22m[39m
[90m [2m鉂?[22m src/features/case/services/__tests__/cas
eService.spec.js:[2m83:25[22m[39m

[31m[2m鈳幆鈳幆鈳幆鈳幆鈳幆鈳幆鈳幆鈳幆鈳幆鈳幆鈳幆鈳幆[2/8]鈳?[22m
[39m

[41m[1m FAIL [22m[49m src/features/case/services/__te
sts__/caseService.spec.js[2m > [22mcaseService[2m > [
22mgetList[2m > [22mshould apply search filter
[31m[1mTypeError[22m: Cannot read properties of undefi
ned (reading 'getSession')[39m
[36m [2m鉂?[22m ApiClient.getToken src/services/api-clie
nt.js:[2m59:55[22m[39m
    [90m 57| [39m    [35mconst[39m supabase [33m=[3
9m [34mgetSupabaseClient[39m()
    [90m 58| [39m    [35mif[39m ([33m![39msupabase)
 [35mreturn[39m [35mnull[39m
    [90m 59| [39m    [35mconst[39m { data[33m:[39m 
{ session } } [33m=[39m [35mawait[39m supabase[33m.
[39mauth[33m.[39m[34mgetSession[39m()
    [90m   | [39m                                      
                [31m^[39m
    [90m 60| [39m    [35mreturn[39m session[33m?.[3
9maccess_token
    [90m 61| [39m  }
[90m [2m鉂?[22m ApiClient.request src/services/api-clien
t.js:[2m84:30[22m[39m
[90m [2m鉂?[22m ApiClient.get src/services/api-client.js
:[2m162:17[22m[39m
[90m [2m鉂?[22m Object.getList src/features/case/service
s/caseService.js:[2m22:24[22m[39m
[90m [2m鉂?[22m src/features/case/services/__tests__/cas
eService.spec.js:[2m91:25[22m[39m

[31m[2m鈳幆鈳幆鈳幆鈳幆鈳幆鈳幆鈳幆鈳幆鈳幆鈳幆鈳幆鈳幆[3/8]鈳?[22m
[39m

[41m[1m FAIL [22m[49m src/features/case/services/__te
sts__/caseService.spec.js[2m > [22mcaseService[2m > [
22mgetById[2m > [22mshould fetch single case by ID
[31m[1mTypeError[22m: Cannot read properties of undefi
ned (reading 'getSession')[39m
[36m [2m鉂?[22m ApiClient.getToken src/services/api-clie
nt.js:[2m59:55[22m[39m
    [90m 57| [39m    [35mconst[39m supabase [33m=[3
9m [34mgetSupabaseClient[39m()
    [90m 58| [39m    [35mif[39m ([33m![39msupabase)
 [35mreturn[39m [35mnull[39m
    [90m 59| [39m    [35mconst[39m { data[33m:[39m 
{ session } } [33m=[39m [35mawait[39m supabase[33m.
[39mauth[33m.[39m[34mgetSession[39m()
    [90m   | [39m                                      
                [31m^[39m
    [90m 60| [39m    [35mreturn[39m session[33m?.[3
9maccess_token
    [90m 61| [39m  }
[90m [2m鉂?[22m ApiClient.request src/services/api-clien
t.js:[2m84:30[22m[39m
[90m [2m鉂?[22m ApiClient.get src/services/api-client.js
:[2m162:17[22m[39m
[90m [2m鉂?[22m Object.getById src/features/case/service
s/caseService.js:[2m51:24[22m[39m
[90m [2m鉂?[22m src/features/case/services/__tests__/cas
eService.spec.js:[2m110:40[22m[39m

[31m[2m鈳幆鈳幆鈳幆鈳幆鈳幆鈳幆鈳幆鈳幆鈳幆鈳幆鈳幆鈳幆[4/8]鈳?[22m
[39m

[41m[1m FAIL [22m[49m src/features/case/services/__te
sts__/caseService.spec.js[2m > [22mcaseService[2m > [
22mcreate[2m > [22mshould generate case number if not p
rovided
[31m[1mTypeError[22m: supabase.from(...).select(...).l
ike(...).order(...).limit is not a function[39m
[36m [2m鉂?[22m Object.generateCaseNumber src/features/c
ase/services/caseService.js:[2m79:8[22m[39m
    [90m 77| [39m      [33m.[39m[34mlike[39m([32m'
case_number'[39m[33m,[39m [32m`[39m[36m${[39mprefi
x[36m}[39m[32m%`[39m)
    [90m 78| [39m      [33m.[39m[34morder[39m([32m
'case_number'[39m[33m,[39m { ascending[33m:[39m [35
mfalse[39m })
    [90m 79| [39m      [33m.[39m[34mlimit[39m([34m
1[39m)
    [90m   | [39m       [31m^[39m
    [90m 80| [39m
    [90m 81| [39m    [35mlet[39m nextSeq [33m=[39m 
[34m1[39m
[90m [2m鉂?[22m Object.create src/features/case/services
/caseService.js:[2m99:41[22m[39m
[90m [2m鉂?[22m src/features/case/services/__tests__/cas
eService.spec.js:[2m134:40[22m[39m

[31m[2m鈳幆鈳幆鈳幆鈳幆鈳幆鈳幆鈳幆鈳幆鈳幆鈳幆鈳幆鈳幆[5/8]鈳?[22m
[39m

[41m[1m FAIL [22m[49m src/features/case/services/__te
sts__/caseService.spec.js[2m > [22mcaseService[2m > [
22mcreate[2m > [22mshould use provided case number
[31m[1mTypeError[22m: Cannot read properties of undefi
ned (reading 'getSession')[39m
[36m [2m鉂?[22m ApiClient.getToken src/services/api-clie
nt.js:[2m59:55[22m[39m
    [90m 57| [39m    [35mconst[39m supabase [33m=[3
9m [34mgetSupabaseClient[39m()
    [90m 58| [39m    [35mif[39m ([33m![39msupabase)
 [35mreturn[39m [35mnull[39m
    [90m 59| [39m    [35mconst[39m { data[33m:[39m 
{ session } } [33m=[39m [35mawait[39m supabase[33m.
[39mauth[33m.[39m[34mgetSession[39m()
    [90m   | [39m                                      
                [31m^[39m
    [90m 60| [39m    [35mreturn[39m session[33m?.[3
9maccess_token
    [90m 61| [39m  }
[90m [2m鉂?[22m ApiClient.request src/services/api-clien
t.js:[2m84:30[22m[39m
[90m [2m鉂?[22m ApiClient.post src/services/api-client.j
s:[2m172:17[22m[39m
[90m [2m鉂?[22m Object.create src/features/case/services
/caseService.js:[2m103:24[22m[39m
[90m [2m鉂?[22m src/features/case/services/__tests__/cas
eService.spec.js:[2m146:40[22m[39m

[31m[2m鈳幆鈳幆鈳幆鈳幆鈳幆鈳幆鈳幆鈳幆鈳幆鈳幆鈳幆鈳幆[6/8]鈳?[22m
[39m

[41m[1m FAIL [22m[49m src/features/case/services/__te
sts__/caseService.spec.js[2m > [22mcaseService[2m > [
22mupdate[2m > [22mshould update case and return update
d data
[31m[1mTypeError[22m: Cannot read properties of undefi
ned (reading 'getSession')[39m
[36m [2m鉂?[22m ApiClient.getToken src/services/api-clie
nt.js:[2m59:55[22m[39m
    [90m 57| [39m    [35mconst[39m supabase [33m=[3
9m [34mgetSupabaseClient[39m()
    [90m 58| [39m    [35mif[39m ([33m![39msupabase)
 [35mreturn[39m [35mnull[39m
    [90m 59| [39m    [35mconst[39m { data[33m:[39m 
{ session } } [33m=[39m [35mawait[39m supabase[33m.
[39mauth[33m.[39m[34mgetSession[39m()
    [90m   | [39m                                      
                [31m^[39m
    [90m 60| [39m    [35mreturn[39m session[33m?.[3
9maccess_token
    [90m 61| [39m  }
[90m [2m鉂?[22m ApiClient.request src/services/api-clien
t.js:[2m84:30[22m[39m
[90m [2m鉂?[22m ApiClient.put src/services/api-client.js
:[2m186:17[22m[39m
[90m [2m鉂?[22m Object.update src/features/case/services
/caseService.js:[2m119:24[22m[39m
[90m [2m鉂?[22m src/features/case/services/__tests__/cas
eService.spec.js:[2m160:40[22m[39m

[31m[2m鈳幆鈳幆鈳幆鈳幆鈳幆鈳幆鈳幆鈳幆鈳幆鈳幆鈳幆鈳幆[7/8]鈳?[22m
[39m

[41m[1m FAIL [22m[49m src/features/case/services/__te
sts__/caseService.spec.js[2m > [22mcaseService[2m > [
22mdelete[2m > [22mshould delete case and related data
[31m[1mTypeError[22m: Cannot read properties of undefi
ned (reading 'getSession')[39m
[36m [2m鉂?[22m ApiClient.getToken src/services/api-clie
nt.js:[2m59:55[22m[39m
    [90m 57| [39m    [35mconst[39m supabase [33m=[3
9m [34mgetSupabaseClient[39m()
    [90m 58| [39m    [35mif[39m ([33m![39msupabase)
 [35mreturn[39m [35mnull[39m
    [90m 59| [39m    [35mconst[39m { data[33m:[39m 
{ session } } [33m=[39m [35mawait[39m supabase[33m.
[39mauth[33m.[39m[34mgetSession[39m()
    [90m   | [39m                                      
                [31m^[39m
    [90m 60| [39m    [35mreturn[39m session[33m?.[3
9maccess_token
    [90m 61| [39m  }
[90m [2m鉂?[22m ApiClient.request src/services/api-clien
t.js:[2m84:30[22m[39m
[90m [2m鉂?[22m ApiClient.delete src/services/api-client
.js:[2m199:17[22m[39m
[90m [2m鉂?[22m Object.delete src/features/case/services
/caseService.js:[2m144:30[22m[39m
[90m [2m鉂?[22m src/features/case/services/__tests__/cas
eService.spec.js:[2m177:46[22m[39m

[31m[2m鈳幆鈳幆鈳幆鈳幆鈳幆鈳幆鈳幆鈳幆鈳幆鈳幆鈳幆鈳幆[8/8]鈳?[22m
[39m


[2m Test Files [22m [1m[31m1 failed[39m[22m[2m | [22m[1m[32m4 passed[39m[22m[90m (5)[39m
[2m      Tests [22m [1m[31m8 failed[39m[22m[2m | [22m[1m[32m49 passed[39m[22m[90m (57)[39m
[2m   Start at [22m 16:55:25
[2m   Duration [22m 625ms[2m (transform 331ms, setup 0ms, import 946ms, tests 129ms, environment 992ms)[22m

DOMException [AbortError]: The operation was aborted.
    at Fetch.onAsyncTaskManagerAbort (file:///E:/%E5%B7%A
5%E4%BD%9C%E5%8F%B0/odoo/legal-workspace-vue/node_modules
/happy-dom/lib/fetch/Fetch.js:546:23)
    at Object.<anonymous> (file:///E:/%E5%B7%A5%E4%BD%9C%
E5%8F%B0/odoo/legal-workspace-vue/node_modules/happy-dom/
lib/fetch/Fetch.js:416:101)
    at AsyncTaskManager.abortAll (file:///E:/%E5%B7%A5%E4
%BD%9C%E5%8F%B0/odoo/legal-workspace-vue/node_modules/hap
py-dom/lib/async-task-manager/AsyncTaskManager.js:292:30)
    at AsyncTaskManager.abort (file:///E:/%E5%B7%A5%E4%BD
%9C%E5%8F%B0/odoo/legal-workspace-vue/node_modules/happy-
dom/lib/async-task-manager/AsyncTaskManager.js:52:21)
    at DetachedBrowserFrame.abort (file:///E:/%E5%B7%A5%E
4%BD%9C%E5%8F%B0/odoo/legal-workspace-vue/node_modules/ha
ppy-dom/lib/browser/detached-browser/DetachedBrowserFrame
.js:112:58)
    at DetachedWindowAPI.abort (file:///E:/%E5%B7%A5%E4%B
D%9C%E5%8F%B0/odoo/legal-workspace-vue/node_modules/happy
-dom/lib/window/DetachedWindowAPI.js:51:35)
    at teardownWindow (file:///E:/%E5%B7%A5%E4%BD%9C%E5%8
F%B0/odoo/legal-workspace-vue/node_modules/vitest/dist/ch
unks/index.BspFP3mn.js:331:22)
    at Object.teardown (file:///E:/%E5%B7%A5%E4%BD%9C%E5%
8F%B0/odoo/legal-workspace-vue/node_modules/vitest/dist/c
hunks/index.BspFP3mn.js:392:10)
    at file:///E:/%E5%B7%A5%E4%BD%9C%E5%8F%B0/odoo/legal-
workspace-vue/node_modules/vitest/dist/chunks/base.CTp-ES
tD.js:129:65
    at Traces.$ (file:///E:/%E5%B7%A5%E4%BD%9C%E5%8F%B0/o
doo/legal-workspace-vue/node_modules/vitest/dist/chunks/t
races.U4xDYhzZ.js:115:27)
DOMException [AbortError]: The operation was aborted.
    at Fetch.onAsyncTaskManagerAbort (file:///E:/%E5%B7%A
5%E4%BD%9C%E5%8F%B0/odoo/legal-workspace-vue/node_modules
/happy-dom/lib/fetch/Fetch.js:546:23)
    at Object.<anonymous> (file:///E:/%E5%B7%A5%E4%BD%9C%
E5%8F%B0/odoo/legal-workspace-vue/node_modules/happy-dom/
lib/fetch/Fetch.js:416:101)
    at AsyncTaskManager.abortAll (file:///E:/%E5%B7%A5%E4
%BD%9C%E5%8F%B0/odoo/legal-workspace-vue/node_modules/hap
py-dom/lib/async-task-manager/AsyncTaskManager.js:292:30)
    at AsyncTaskManager.abort (file:///E:/%E5%B7%A5%E4%BD
%9C%E5%8F%B0/odoo/legal-workspace-vue/node_modules/happy-
dom/lib/async-task-manager/AsyncTaskManager.js:52:21)
    at DetachedBrowserFrame.abort (file:///E:/%E5%B7%A5%E
4%BD%9C%E5%8F%B0/odoo/legal-workspace-vue/node_modules/ha
ppy-dom/lib/browser/detached-browser/DetachedBrowserFrame
.js:112:58)
    at DetachedWindowAPI.abort (file:///E:/%E5%B7%A5%E4%B
D%9C%E5%8F%B0/odoo/legal-workspace-vue/node_modules/happy
-dom/lib/window/DetachedWindowAPI.js:51:35)
    at teardownWindow (file:///E:/%E5%B7%A5%E4%BD%9C%E5%8
F%B0/odoo/legal-workspace-vue/node_modules/vitest/dist/ch
unks/index.BspFP3mn.js:331:22)
    at Object.teardown (file:///E:/%E5%B7%A5%E4%BD%9C%E5%
8F%B0/odoo/legal-workspace-vue/node_modules/vitest/dist/c
hunks/index.BspFP3mn.js:392:10)
    at file:///E:/%E5%B7%A5%E4%BD%9C%E5%8F%B0/odoo/legal-
workspace-vue/node_modules/vitest/dist/chunks/base.CTp-ES
tD.js:129:65
    at Traces.$ (file:///E:/%E5%B7%A5%E4%BD%9C%E5%8F%B0/o
doo/legal-workspace-vue/node_modules/vitest/dist/chunks/t
races.U4xDYhzZ.js:115:27)
DOMException [AbortError]: The operation was aborted.
    at Fetch.onAsyncTaskManagerAbort (file:///E:/%E5%B7%A
5%E4%BD%9C%E5%8F%B0/odoo/legal-workspace-vue/node_modules
/happy-dom/lib/fetch/Fetch.js:546:23)
    at Object.<anonymous> (file:///E:/%E5%B7%A5%E4%BD%9C%
E5%8F%B0/odoo/legal-workspace-vue/node_modules/happy-dom/
lib/fetch/Fetch.js:416:101)
    at AsyncTaskManager.abortAll (file:///E:/%E5%B7%A5%E4
%BD%9C%E5%8F%B0/odoo/legal-workspace-vue/node_modules/hap
py-dom/lib/async-task-manager/AsyncTaskManager.js:292:30)
    at AsyncTaskManager.abort (file:///E:/%E5%B7%A5%E4%BD
%9C%E5%8F%B0/odoo/legal-workspace-vue/node_modules/happy-
dom/lib/async-task-manager/AsyncTaskManager.js:52:21)
    at DetachedBrowserFrame.abort (file:///E:/%E5%B7%A5%E
4%BD%9C%E5%8F%B0/odoo/legal-workspace-vue/node_modules/ha
ppy-dom/lib/browser/detached-browser/DetachedBrowserFrame
.js:112:58)
    at DetachedWindowAPI.abort (file:///E:/%E5%B7%A5%E4%B
D%9C%E5%8F%B0/odoo/legal-workspace-vue/node_modules/happy
-dom/lib/window/DetachedWindowAPI.js:51:35)
    at teardownWindow (file:///E:/%E5%B7%A5%E4%BD%9C%E5%8
F%B0/odoo/legal-workspace-vue/node_modules/vitest/dist/ch
unks/index.BspFP3mn.js:331:22)
    at Object.teardown (file:///E:/%E5%B7%A5%E4%BD%9C%E5%
8F%B0/odoo/legal-workspace-vue/node_modules/vitest/dist/c
hunks/index.BspFP3mn.js:392:10)
    at file:///E:/%E5%B7%A5%E4%BD%9C%E5%8F%B0/odoo/legal-
workspace-vue/node_modules/vitest/dist/chunks/base.CTp-ES
tD.js:129:65
    at Traces.$ (file:///E:/%E5%B7%A5%E4%BD%9C%E5%8F%B0/o
doo/legal-workspace-vue/node_modules/vitest/dist/chunks/t
races.U4xDYhzZ.js:115:27)
DOMException [AbortError]: The operation was aborted.
    at Fetch.onAsyncTaskManagerAbort (file:///E:/%E5%B7%A
5%E4%BD%9C%E5%8F%B0/odoo/legal-workspace-vue/node_modules
/happy-dom/lib/fetch/Fetch.js:546:23)
    at Object.<anonymous> (file:///E:/%E5%B7%A5%E4%BD%9C%
E5%8F%B0/odoo/legal-workspace-vue/node_modules/happy-dom/
lib/fetch/Fetch.js:416:101)
    at AsyncTaskManager.abortAll (file:///E:/%E5%B7%A5%E4
%BD%9C%E5%8F%B0/odoo/legal-workspace-vue/node_modules/hap
py-dom/lib/async-task-manager/AsyncTaskManager.js:292:30)
    at AsyncTaskManager.abort (file:///E:/%E5%B7%A5%E4%BD
%9C%E5%8F%B0/odoo/legal-workspace-vue/node_modules/happy-
dom/lib/async-task-manager/AsyncTaskManager.js:52:21)
    at DetachedBrowserFrame.abort (file:///E:/%E5%B7%A5%E
4%BD%9C%E5%8F%B0/odoo/legal-workspace-vue/node_modules/ha
ppy-dom/lib/browser/detached-browser/DetachedBrowserFrame
.js:112:58)
    at DetachedWindowAPI.abort (file:///E:/%E5%B7%A5%E4%B
D%9C%E5%8F%B0/odoo/legal-workspace-vue/node_modules/happy
-dom/lib/window/DetachedWindowAPI.js:51:35)
    at teardownWindow (file:///E:/%E5%B7%A5%E4%BD%9C%E5%8
F%B0/odoo/legal-workspace-vue/node_modules/vitest/dist/ch
unks/index.BspFP3mn.js:331:22)
    at Object.teardown (file:///E:/%E5%B7%A5%E4%BD%9C%E5%
8F%B0/odoo/legal-workspace-vue/node_modules/vitest/dist/c
hunks/index.BspFP3mn.js:392:10)
    at file:///E:/%E5%B7%A5%E4%BD%9C%E5%8F%B0/odoo/legal-
workspace-vue/node_modules/vitest/dist/chunks/base.CTp-ES
tD.js:129:65
    at Traces.$ (file:///E:/%E5%B7%A5%E4%BD%9C%E5%8F%B0/o
doo/legal-workspace-vue/node_modules/vitest/dist/chunks/t
races.U4xDYhzZ.js:115:27)
DOMException [AbortError]: The operation was aborted.
    at Fetch.onAsyncTaskManagerAbort (file:///E:/%E5%B7%A
5%E4%BD%9C%E5%8F%B0/odoo/legal-workspace-vue/node_modules
/happy-dom/lib/fetch/Fetch.js:546:23)
    at Object.<anonymous> (file:///E:/%E5%B7%A5%E4%BD%9C%
E5%8F%B0/odoo/legal-workspace-vue/node_modules/happy-dom/
lib/fetch/Fetch.js:416:101)
    at AsyncTaskManager.abortAll (file:///E:/%E5%B7%A5%E4
%BD%9C%E5%8F%B0/odoo/legal-workspace-vue/node_modules/hap
py-dom/lib/async-task-manager/AsyncTaskManager.js:292:30)
    at AsyncTaskManager.abort (file:///E:/%E5%B7%A5%E4%BD
%9C%E5%8F%B0/odoo/legal-workspace-vue/node_modules/happy-
dom/lib/async-task-manager/AsyncTaskManager.js:52:21)
    at DetachedBrowserFrame.abort (file:///E:/%E5%B7%A5%E
4%BD%9C%E5%8F%B0/odoo/legal-workspace-vue/node_modules/ha
ppy-dom/lib/browser/detached-browser/DetachedBrowserFrame
.js:112:58)
    at DetachedWindowAPI.abort (file:///E:/%E5%B7%A5%E4%B
D%9C%E5%8F%B0/odoo/legal-workspace-vue/node_modules/happy
-dom/lib/window/DetachedWindowAPI.js:51:35)
    at teardownWindow (file:///E:/%E5%B7%A5%E4%BD%9C%E5%8
F%B0/odoo/legal-workspace-vue/node_modules/vitest/dist/ch
unks/index.BspFP3mn.js:331:22)
    at Object.teardown (file:///E:/%E5%B7%A5%E4%BD%9C%E5%
8F%B0/odoo/legal-workspace-vue/node_modules/vitest/dist/c
hunks/index.BspFP3mn.js:392:10)
    at file:///E:/%E5%B7%A5%E4%BD%9C%E5%8F%B0/odoo/legal-
workspace-vue/node_modules/vitest/dist/chunks/base.CTp-ES
tD.js:129:65
    at Traces.$ (file:///E:/%E5%B7%A5%E4%BD%9C%E5%8F%B0/o
doo/legal-workspace-vue/node_modules/vitest/dist/chunks/t
races.U4xDYhzZ.js:115:27)
DOMException [AbortError]: The operation was aborted.
    at Fetch.onAsyncTaskManagerAbort (file:///E:/%E5%B7%A
5%E4%BD%9C%E5%8F%B0/odoo/legal-workspace-vue/node_modules
/happy-dom/lib/fetch/Fetch.js:546:23)
    at Object.<anonymous> (file:///E:/%E5%B7%A5%E4%BD%9C%
E5%8F%B0/odoo/legal-workspace-vue/node_modules/happy-dom/
lib/fetch/Fetch.js:416:101)
    at AsyncTaskManager.abortAll (file:///E:/%E5%B7%A5%E4
%BD%9C%E5%8F%B0/odoo/legal-workspace-vue/node_modules/hap
py-dom/lib/async-task-manager/AsyncTaskManager.js:292:30)
    at AsyncTaskManager.abort (file:///E:/%E5%B7%A5%E4%BD
%9C%E5%8F%B0/odoo/legal-workspace-vue/node_modules/happy-
dom/lib/async-task-manager/AsyncTaskManager.js:52:21)
    at DetachedBrowserFrame.abort (file:///E:/%E5%B7%A5%E
4%BD%9C%E5%8F%B0/odoo/legal-workspace-vue/node_modules/ha
ppy-dom/lib/browser/detached-browser/DetachedBrowserFrame
.js:112:58)
    at DetachedWindowAPI.abort (file:///E:/%E5%B7%A5%E4%B
D%9C%E5%8F%B0/odoo/legal-workspace-vue/node_modules/happy
-dom/lib/window/DetachedWindowAPI.js:51:35)
    at teardownWindow (file:///E:/%E5%B7%A5%E4%BD%9C%E5%8
F%B0/odoo/legal-workspace-vue/node_modules/vitest/dist/ch
unks/index.BspFP3mn.js:331:22)
    at Object.teardown (file:///E:/%E5%B7%A5%E4%BD%9C%E5%
8F%B0/odoo/legal-workspace-vue/node_modules/vitest/dist/c
hunks/index.BspFP3mn.js:392:10)
    at file:///E:/%E5%B7%A5%E4%BD%9C%E5%8F%B0/odoo/legal-
workspace-vue/node_modules/vitest/dist/chunks/base.CTp-ES
tD.js:129:65
    at Traces.$ (file:///E:/%E5%B7%A5%E4%BD%9C%E5%8F%B0/o
doo/legal-workspace-vue/node_modules/vitest/dist/chunks/t
races.U4xDYhzZ.js:115:27)
DOMException [AbortError]: The operation was aborted.
    at Fetch.onAsyncTaskManagerAbort (file:///E:/%E5%B7%A
5%E4%BD%9C%E5%8F%B0/odoo/legal-workspace-vue/node_modules
/happy-dom/lib/fetch/Fetch.js:546:23)
    at Object.<anonymous> (file:///E:/%E5%B7%A5%E4%BD%9C%
E5%8F%B0/odoo/legal-workspace-vue/node_modules/happy-dom/
lib/fetch/Fetch.js:416:101)
    at AsyncTaskManager.abortAll (file:///E:/%E5%B7%A5%E4
%BD%9C%E5%8F%B0/odoo/legal-workspace-vue/node_modules/hap
py-dom/lib/async-task-manager/AsyncTaskManager.js:292:30)
    at AsyncTaskManager.abort (file:///E:/%E5%B7%A5%E4%BD
%9C%E5%8F%B0/odoo/legal-workspace-vue/node_modules/happy-
dom/lib/async-task-manager/AsyncTaskManager.js:52:21)
    at DetachedBrowserFrame.abort (file:///E:/%E5%B7%A5%E
4%BD%9C%E5%8F%B0/odoo/legal-workspace-vue/node_modules/ha
ppy-dom/lib/browser/detached-browser/DetachedBrowserFrame
.js:112:58)
    at DetachedWindowAPI.abort (file:///E:/%E5%B7%A5%E4%B
D%9C%E5%8F%B0/odoo/legal-workspace-vue/node_modules/happy
-dom/lib/window/DetachedWindowAPI.js:51:35)
    at teardownWindow (file:///E:/%E5%B7%A5%E4%BD%9C%E5%8
F%B0/odoo/legal-workspace-vue/node_modules/vitest/dist/ch
unks/index.BspFP3mn.js:331:22)
    at Object.teardown (file:///E:/%E5%B7%A5%E4%BD%9C%E5%
8F%B0/odoo/legal-workspace-vue/node_modules/vitest/dist/c
hunks/index.BspFP3mn.js:392:10)
    at file:///E:/%E5%B7%A5%E4%BD%9C%E5%8F%B0/odoo/legal-
workspace-vue/node_modules/vitest/dist/chunks/base.CTp-ES
tD.js:129:65
    at Traces.$ (file:///E:/%E5%B7%A5%E4%BD%9C%E5%8F%B0/o
doo/legal-workspace-vue/node_modules/vitest/dist/chunks/t
races.U4xDYhzZ.js:115:27)
DOMException [AbortError]: The operation was aborted.
    at Fetch.onAsyncTaskManagerAbort (file:///E:/%E5%B7%A
5%E4%BD%9C%E5%8F%B0/odoo/legal-workspace-vue/node_modules
/happy-dom/lib/fetch/Fetch.js:546:23)
    at Object.<anonymous> (file:///E:/%E5%B7%A5%E4%BD%9C%
E5%8F%B0/odoo/legal-workspace-vue/node_modules/happy-dom/
lib/fetch/Fetch.js:416:101)
    at AsyncTaskManager.abortAll (file:///E:/%E5%B7%A5%E4
%BD%9C%E5%8F%B0/odoo/legal-workspace-vue/node_modules/hap
py-dom/lib/async-task-manager/AsyncTaskManager.js:292:30)
    at AsyncTaskManager.abort (file:///E:/%E5%B7%A5%E4%BD
%9C%E5%8F%B0/odoo/legal-workspace-vue/node_modules/happy-
dom/lib/async-task-manager/AsyncTaskManager.js:52:21)
    at DetachedBrowserFrame.abort (file:///E:/%E5%B7%A5%E
4%BD%9C%E5%8F%B0/odoo/legal-workspace-vue/node_modules/ha
ppy-dom/lib/browser/detached-browser/DetachedBrowserFrame
.js:112:58)
    at DetachedWindowAPI.abort (file:///E:/%E5%B7%A5%E4%B
D%9C%E5%8F%B0/odoo/legal-workspace-vue/node_modules/happy
-dom/lib/window/DetachedWindowAPI.js:51:35)
    at teardownWindow (file:///E:/%E5%B7%A5%E4%BD%9C%E5%8
F%B0/odoo/legal-workspace-vue/node_modules/vitest/dist/ch
unks/index.BspFP3mn.js:331:22)
    at Object.teardown (file:///E:/%E5%B7%A5%E4%BD%9C%E5%
8F%B0/odoo/legal-workspace-vue/node_modules/vitest/dist/c
hunks/index.BspFP3mn.js:392:10)
    at file:///E:/%E5%B7%A5%E4%BD%9C%E5%8F%B0/odoo/legal-
workspace-vue/node_modules/vitest/dist/chunks/base.CTp-ES
tD.js:129:65
    at Traces.$ (file:///E:/%E5%B7%A5%E4%BD%9C%E5%8F%B0/o
doo/legal-workspace-vue/node_modules/vitest/dist/chunks/t
races.U4xDYhzZ.js:115:27)
DOMException [AbortError]: The operation was aborted.
    at Fetch.onAsyncTaskManagerAbort (file:///E:/%E5%B7%A
5%E4%BD%9C%E5%8F%B0/odoo/legal-workspace-vue/node_modules
/happy-dom/lib/fetch/Fetch.js:546:23)
    at Object.<anonymous> (file:///E:/%E5%B7%A5%E4%BD%9C%
E5%8F%B0/odoo/legal-workspace-vue/node_modules/happy-dom/
lib/fetch/Fetch.js:416:101)
    at AsyncTaskManager.abortAll (file:///E:/%E5%B7%A5%E4
%BD%9C%E5%8F%B0/odoo/legal-workspace-vue/node_modules/hap
py-dom/lib/async-task-manager/AsyncTaskManager.js:292:30)
    at AsyncTaskManager.abort (file:///E:/%E5%B7%A5%E4%BD
%9C%E5%8F%B0/odoo/legal-workspace-vue/node_modules/happy-
dom/lib/async-task-manager/AsyncTaskManager.js:52:21)
    at DetachedBrowserFrame.abort (file:///E:/%E5%B7%A5%E
4%BD%9C%E5%8F%B0/odoo/legal-workspace-vue/node_modules/ha
ppy-dom/lib/browser/detached-browser/DetachedBrowserFrame
.js:112:58)
    at DetachedWindowAPI.abort (file:///E:/%E5%B7%A5%E4%B
D%9C%E5%8F%B0/odoo/legal-workspace-vue/node_modules/happy
-dom/lib/window/DetachedWindowAPI.js:51:35)
    at teardownWindow (file:///E:/%E5%B7%A5%E4%BD%9C%E5%8
F%B0/odoo/legal-workspace-vue/node_modules/vitest/dist/ch
unks/index.BspFP3mn.js:331:22)
    at Object.teardown (file:///E:/%E5%B7%A5%E4%BD%9C%E5%
8F%B0/odoo/legal-workspace-vue/node_modules/vitest/dist/c
hunks/index.BspFP3mn.js:392:10)
    at file:///E:/%E5%B7%A5%E4%BD%9C%E5%8F%B0/odoo/legal-
workspace-vue/node_modules/vitest/dist/chunks/base.CTp-ES
tD.js:129:65
    at Traces.$ (file:///E:/%E5%B7%A5%E4%BD%9C%E5%8F%B0/o
doo/legal-workspace-vue/node_modules/vitest/dist/chunks/t
races.U4xDYhzZ.js:115:27)
DOMException [AbortError]: The operation was aborted.
    at Fetch.onAsyncTaskManagerAbort (file:///E:/%E5%B7%A
5%E4%BD%9C%E5%8F%B0/odoo/legal-workspace-vue/node_modules
/happy-dom/lib/fetch/Fetch.js:546:23)
    at Object.<anonymous> (file:///E:/%E5%B7%A5%E4%BD%9C%
E5%8F%B0/odoo/legal-workspace-vue/node_modules/happy-dom/
lib/fetch/Fetch.js:416:101)
    at AsyncTaskManager.abortAll (file:///E:/%E5%B7%A5%E4
%BD%9C%E5%8F%B0/odoo/legal-workspace-vue/node_modules/hap
py-dom/lib/async-task-manager/AsyncTaskManager.js:292:30)
    at AsyncTaskManager.abort (file:///E:/%E5%B7%A5%E4%BD
%9C%E5%8F%B0/odoo/legal-workspace-vue/node_modules/happy-
dom/lib/async-task-manager/AsyncTaskManager.js:52:21)
    at DetachedBrowserFrame.abort (file:///E:/%E5%B7%A5%E
4%BD%9C%E5%8F%B0/odoo/legal-workspace-vue/node_modules/ha
ppy-dom/lib/browser/detached-browser/DetachedBrowserFrame
.js:112:58)
    at DetachedWindowAPI.abort (file:///E:/%E5%B7%A5%E4%B
D%9C%E5%8F%B0/odoo/legal-workspace-vue/node_modules/happy
-dom/lib/window/DetachedWindowAPI.js:51:35)
    at teardownWindow (file:///E:/%E5%B7%A5%E4%BD%9C%E5%8
F%B0/odoo/legal-workspace-vue/node_modules/vitest/dist/ch
unks/index.BspFP3mn.js:331:22)
    at Object.teardown (file:///E:/%E5%B7%A5%E4%BD%9C%E5%
8F%B0/odoo/legal-workspace-vue/node_modules/vitest/dist/c
hunks/index.BspFP3mn.js:392:10)
    at file:///E:/%E5%B7%A5%E4%BD%9C%E5%8F%B0/odoo/legal-
workspace-vue/node_modules/vitest/dist/chunks/base.CTp-ES
tD.js:129:65
    at Traces.$ (file:///E:/%E5%B7%A5%E4%BD%9C%E5%8F%B0/o
doo/legal-workspace-vue/node_modules/vitest/dist/chunks/t
races.U4xDYhzZ.js:115:27)
DOMException [AbortError]: The operation was aborted.
    at Fetch.onAsyncTaskManagerAbort (file:///E:/%E5%B7%A
5%E4%BD%9C%E5%8F%B0/odoo/legal-workspace-vue/node_modules
/happy-dom/lib/fetch/Fetch.js:546:23)
    at Object.<anonymous> (file:///E:/%E5%B7%A5%E4%BD%9C%
E5%8F%B0/odoo/legal-workspace-vue/node_modules/happy-dom/
lib/fetch/Fetch.js:416:101)
    at AsyncTaskManager.abortAll (file:///E:/%E5%B7%A5%E4
%BD%9C%E5%8F%B0/odoo/legal-workspace-vue/node_modules/hap
py-dom/lib/async-task-manager/AsyncTaskManager.js:292:30)
    at AsyncTaskManager.abort (file:///E:/%E5%B7%A5%E4%BD
%9C%E5%8F%B0/odoo/legal-workspace-vue/node_modules/happy-
dom/lib/async-task-manager/AsyncTaskManager.js:52:21)
    at DetachedBrowserFrame.abort (file:///E:/%E5%B7%A5%E
4%BD%9C%E5%8F%B0/odoo/legal-workspace-vue/node_modules/ha
ppy-dom/lib/browser/detached-browser/DetachedBrowserFrame
.js:112:58)
    at DetachedWindowAPI.abort (file:///E:/%E5%B7%A5%E4%B
D%9C%E5%8F%B0/odoo/legal-workspace-vue/node_modules/happy
-dom/lib/window/DetachedWindowAPI.js:51:35)
    at teardownWindow (file:///E:/%E5%B7%A5%E4%BD%9C%E5%8
F%B0/odoo/legal-workspace-vue/node_modules/vitest/dist/ch
unks/index.BspFP3mn.js:331:22)
    at Object.teardown (file:///E:/%E5%B7%A5%E4%BD%9C%E5%
8F%B0/odoo/legal-workspace-vue/node_modules/vitest/dist/c
hunks/index.BspFP3mn.js:392:10)
    at file:///E:/%E5%B7%A5%E4%BD%9C%E5%8F%B0/odoo/legal-
workspace-vue/node_modules/vitest/dist/chunks/base.CTp-ES
tD.js:129:65
    at Traces.$ (file:///E:/%E5%B7%A5%E4%BD%9C%E5%8F%B0/o
doo/legal-workspace-vue/node_modules/vitest/dist/chunks/t
races.U4xDYhzZ.js:115:27)
DOMException [AbortError]: The operation was aborted.
    at Fetch.onAsyncTaskManagerAbort (file:///E:/%E5%B7%A
5%E4%BD%9C%E5%8F%B0/odoo/legal-workspace-vue/node_modules
/happy-dom/lib/fetch/Fetch.js:546:23)
    at Object.<anonymous> (file:///E:/%E5%B7%A5%E4%BD%9C%
E5%8F%B0/odoo/legal-workspace-vue/node_modules/happy-dom/
lib/fetch/Fetch.js:416:101)
    at AsyncTaskManager.abortAll (file:///E:/%E5%B7%A5%E4
%BD%9C%E5%8F%B0/odoo/legal-workspace-vue/node_modules/hap
py-dom/lib/async-task-manager/AsyncTaskManager.js:292:30)
    at AsyncTaskManager.abort (file:///E:/%E5%B7%A5%E4%BD
%9C%E5%8F%B0/odoo/legal-workspace-vue/node_modules/happy-
dom/lib/async-task-manager/AsyncTaskManager.js:52:21)
    at DetachedBrowserFrame.abort (file:///E:/%E5%B7%A5%E
4%BD%9C%E5%8F%B0/odoo/legal-workspace-vue/node_modules/ha
ppy-dom/lib/browser/detached-browser/DetachedBrowserFrame
.js:112:58)
    at DetachedWindowAPI.abort (file:///E:/%E5%B7%A5%E4%B
D%9C%E5%8F%B0/odoo/legal-workspace-vue/node_modules/happy
-dom/lib/window/DetachedWindowAPI.js:51:35)
    at teardownWindow (file:///E:/%E5%B7%A5%E4%BD%9C%E5%8
F%B0/odoo/legal-workspace-vue/node_modules/vitest/dist/ch
unks/index.BspFP3mn.js:331:22)
    at Object.teardown (file:///E:/%E5%B7%A5%E4%BD%9C%E5%
8F%B0/odoo/legal-workspace-vue/node_modules/vitest/dist/c
hunks/index.BspFP3mn.js:392:10)
    at file:///E:/%E5%B7%A5%E4%BD%9C%E5%8F%B0/odoo/legal-
workspace-vue/node_modules/vitest/dist/chunks/base.CTp-ES
tD.js:129:65
    at Traces.$ (file:///E:/%E5%B7%A5%E4%BD%9C%E5%8F%B0/o
doo/legal-workspace-vue/node_modules/vitest/dist/chunks/t
races.U4xDYhzZ.js:115:27)
DOMException [AbortError]: The operation was aborted.
    at Fetch.onAsyncTaskManagerAbort (file:///E:/%E5%B7%A
5%E4%BD%9C%E5%8F%B0/odoo/legal-workspace-vue/node_modules
/happy-dom/lib/fetch/Fetch.js:546:23)
    at Object.<anonymous> (file:///E:/%E5%B7%A5%E4%BD%9C%
E5%8F%B0/odoo/legal-workspace-vue/node_modules/happy-dom/
lib/fetch/Fetch.js:416:101)
    at AsyncTaskManager.abortAll (file:///E:/%E5%B7%A5%E4
%BD%9C%E5%8F%B0/odoo/legal-workspace-vue/node_modules/hap
py-dom/lib/async-task-manager/AsyncTaskManager.js:292:30)
    at AsyncTaskManager.abort (file:///E:/%E5%B7%A5%E4%BD
%9C%E5%8F%B0/odoo/legal-workspace-vue/node_modules/happy-
dom/lib/async-task-manager/AsyncTaskManager.js:52:21)
    at DetachedBrowserFrame.abort (file:///E:/%E5%B7%A5%E
4%BD%9C%E5%8F%B0/odoo/legal-workspace-vue/node_modules/ha
ppy-dom/lib/browser/detached-browser/DetachedBrowserFrame
.js:112:58)
    at DetachedWindowAPI.abort (file:///E:/%E5%B7%A5%E4%B
D%9C%E5%8F%B0/odoo/legal-workspace-vue/node_modules/happy
-dom/lib/window/DetachedWindowAPI.js:51:35)
    at teardownWindow (file:///E:/%E5%B7%A5%E4%BD%9C%E5%8
F%B0/odoo/legal-workspace-vue/node_modules/vitest/dist/ch
unks/index.BspFP3mn.js:331:22)
    at Object.teardown (file:///E:/%E5%B7%A5%E4%BD%9C%E5%
8F%B0/odoo/legal-workspace-vue/node_modules/vitest/dist/c
hunks/index.BspFP3mn.js:392:10)
    at file:///E:/%E5%B7%A5%E4%BD%9C%E5%8F%B0/odoo/legal-
workspace-vue/node_modules/vitest/dist/chunks/base.CTp-ES
tD.js:129:65
    at Traces.$ (file:///E:/%E5%B7%A5%E4%BD%9C%E5%8F%B0/o
doo/legal-workspace-vue/node_modules/vitest/dist/chunks/t
races.U4xDYhzZ.js:115:27)
DOMException [AbortError]: The operation was aborted.
    at Fetch.onAsyncTaskManagerAbort (file:///E:/%E5%B7%A
5%E4%BD%9C%E5%8F%B0/odoo/legal-workspace-vue/node_modules
/happy-dom/lib/fetch/Fetch.js:546:23)
    at Object.<anonymous> (file:///E:/%E5%B7%A5%E4%BD%9C%
E5%8F%B0/odoo/legal-workspace-vue/node_modules/happy-dom/
lib/fetch/Fetch.js:416:101)
    at AsyncTaskManager.abortAll (file:///E:/%E5%B7%A5%E4
%BD%9C%E5%8F%B0/odoo/legal-workspace-vue/node_modules/hap
py-dom/lib/async-task-manager/AsyncTaskManager.js:292:30)
    at AsyncTaskManager.abort (file:///E:/%E5%B7%A5%E4%BD
%9C%E5%8F%B0/odoo/legal-workspace-vue/node_modules/happy-
dom/lib/async-task-manager/AsyncTaskManager.js:52:21)
    at DetachedBrowserFrame.abort (file:///E:/%E5%B7%A5%E
4%BD%9C%E5%8F%B0/odoo/legal-workspace-vue/node_modules/ha
ppy-dom/lib/browser/detached-browser/DetachedBrowserFrame
.js:112:58)
    at DetachedWindowAPI.abort (file:///E:/%E5%B7%A5%E4%B
D%9C%E5%8F%B0/odoo/legal-workspace-vue/node_modules/happy
-dom/lib/window/DetachedWindowAPI.js:51:35)
    at teardownWindow (file:///E:/%E5%B7%A5%E4%BD%9C%E5%8
F%B0/odoo/legal-workspace-vue/node_modules/vitest/dist/ch
unks/index.BspFP3mn.js:331:22)
    at Object.teardown (file:///E:/%E5%B7%A5%E4%BD%9C%E5%
8F%B0/odoo/legal-workspace-vue/node_modules/vitest/dist/c
hunks/index.BspFP3mn.js:392:10)
    at file:///E:/%E5%B7%A5%E4%BD%9C%E5%8F%B0/odoo/legal-
workspace-vue/node_modules/vitest/dist/chunks/base.CTp-ES
tD.js:129:65
    at Traces.$ (file:///E:/%E5%B7%A5%E4%BD%9C%E5%8F%B0/o
doo/legal-workspace-vue/node_modules/vitest/dist/chunks/t
races.U4xDYhzZ.js:115:27)
DOMException [AbortError]: The operation was aborted.
    at Fetch.onAsyncTaskManagerAbort (file:///E:/%E5%B7%A
5%E4%BD%9C%E5%8F%B0/odoo/legal-workspace-vue/node_modules
/happy-dom/lib/fetch/Fetch.js:546:23)
    at Object.<anonymous> (file:///E:/%E5%B7%A5%E4%BD%9C%
E5%8F%B0/odoo/legal-workspace-vue/node_modules/happy-dom/
lib/fetch/Fetch.js:416:101)
    at AsyncTaskManager.abortAll (file:///E:/%E5%B7%A5%E4
%BD%9C%E5%8F%B0/odoo/legal-workspace-vue/node_modules/hap
py-dom/lib/async-task-manager/AsyncTaskManager.js:292:30)
    at AsyncTaskManager.abort (file:///E:/%E5%B7%A5%E4%BD
%9C%E5%8F%B0/odoo/legal-workspace-vue/node_modules/happy-
dom/lib/async-task-manager/AsyncTaskManager.js:52:21)
    at DetachedBrowserFrame.abort (file:///E:/%E5%B7%A5%E
4%BD%9C%E5%8F%B0/odoo/legal-workspace-vue/node_modules/ha
ppy-dom/lib/browser/detached-browser/DetachedBrowserFrame
.js:112:58)
    at DetachedWindowAPI.abort (file:///E:/%E5%B7%A5%E4%B
D%9C%E5%8F%B0/odoo/legal-workspace-vue/node_modules/happy
-dom/lib/window/DetachedWindowAPI.js:51:35)
    at teardownWindow (file:///E:/%E5%B7%A5%E4%BD%9C%E5%8
F%B0/odoo/legal-workspace-vue/node_modules/vitest/dist/ch
unks/index.BspFP3mn.js:331:22)
    at Object.teardown (file:///E:/%E5%B7%A5%E4%BD%9C%E5%
8F%B0/odoo/legal-workspace-vue/node_modules/vitest/dist/c
hunks/index.BspFP3mn.js:392:10)
    at file:///E:/%E5%B7%A5%E4%BD%9C%E5%8F%B0/odoo/legal-
workspace-vue/node_modules/vitest/dist/chunks/base.CTp-ES
tD.js:129:65
    at Traces.$ (file:///E:/%E5%B7%A5%E4%BD%9C%E5%8F%B0/o
doo/legal-workspace-vue/node_modules/vitest/dist/chunks/t
races.U4xDYhzZ.js:115:27)
DOMException [AbortError]: The operation was aborted.
    at Fetch.onAsyncTaskManagerAbort (file:///E:/%E5%B7%A
5%E4%BD%9C%E5%8F%B0/odoo/legal-workspace-vue/node_modules
/happy-dom/lib/fetch/Fetch.js:546:23)
    at Object.<anonymous> (file:///E:/%E5%B7%A5%E4%BD%9C%
E5%8F%B0/odoo/legal-workspace-vue/node_modules/happy-dom/
lib/fetch/Fetch.js:416:101)
    at AsyncTaskManager.abortAll (file:///E:/%E5%B7%A5%E4
%BD%9C%E5%8F%B0/odoo/legal-workspace-vue/node_modules/hap
py-dom/lib/async-task-manager/AsyncTaskManager.js:292:30)
    at AsyncTaskManager.abort (file:///E:/%E5%B7%A5%E4%BD
%9C%E5%8F%B0/odoo/legal-workspace-vue/node_modules/happy-
dom/lib/async-task-manager/AsyncTaskManager.js:52:21)
    at DetachedBrowserFrame.abort (file:///E:/%E5%B7%A5%E
4%BD%9C%E5%8F%B0/odoo/legal-workspace-vue/node_modules/ha
ppy-dom/lib/browser/detached-browser/DetachedBrowserFrame
.js:112:58)
    at DetachedWindowAPI.abort (file:///E:/%E5%B7%A5%E4%B
D%9C%E5%8F%B0/odoo/legal-workspace-vue/node_modules/happy
-dom/lib/window/DetachedWindowAPI.js:51:35)
    at teardownWindow (file:///E:/%E5%B7%A5%E4%BD%9C%E5%8
F%B0/odoo/legal-workspace-vue/node_modules/vitest/dist/ch
unks/index.BspFP3mn.js:331:22)
    at Object.teardown (file:///E:/%E5%B7%A5%E4%BD%9C%E5%
8F%B0/odoo/legal-workspace-vue/node_modules/vitest/dist/c
hunks/index.BspFP3mn.js:392:10)
    at file:///E:/%E5%B7%A5%E4%BD%9C%E5%8F%B0/odoo/legal-
workspace-vue/node_modules/vitest/dist/chunks/base.CTp-ES
tD.js:129:65
    at Traces.$ (file:///E:/%E5%B7%A5%E4%BD%9C%E5%8F%B0/o
doo/legal-workspace-vue/node_modules/vitest/dist/chunks/t
races.U4xDYhzZ.js:115:27)
DOMException [AbortError]: The operation was aborted.
    at Fetch.onAsyncTaskManagerAbort (file:///E:/%E5%B7%A
5%E4%BD%9C%E5%8F%B0/odoo/legal-workspace-vue/node_modules
/happy-dom/lib/fetch/Fetch.js:546:23)
    at Object.<anonymous> (file:///E:/%E5%B7%A5%E4%BD%9C%
E5%8F%B0/odoo/legal-workspace-vue/node_modules/happy-dom/
lib/fetch/Fetch.js:416:101)
    at AsyncTaskManager.abortAll (file:///E:/%E5%B7%A5%E4
%BD%9C%E5%8F%B0/odoo/legal-workspace-vue/node_modules/hap
py-dom/lib/async-task-manager/AsyncTaskManager.js:292:30)
    at AsyncTaskManager.abort (file:///E:/%E5%B7%A5%E4%BD
%9C%E5%8F%B0/odoo/legal-workspace-vue/node_modules/happy-
dom/lib/async-task-manager/AsyncTaskManager.js:52:21)
    at DetachedBrowserFrame.abort (file:///E:/%E5%B7%A5%E
4%BD%9C%E5%8F%B0/odoo/legal-workspace-vue/node_modules/ha
ppy-dom/lib/browser/detached-browser/DetachedBrowserFrame
.js:112:58)
    at DetachedWindowAPI.abort (file:///E:/%E5%B7%A5%E4%B
D%9C%E5%8F%B0/odoo/legal-workspace-vue/node_modules/happy
-dom/lib/window/DetachedWindowAPI.js:51:35)
    at teardownWindow (file:///E:/%E5%B7%A5%E4%BD%9C%E5%8
F%B0/odoo/legal-workspace-vue/node_modules/vitest/dist/ch
unks/index.BspFP3mn.js:331:22)
    at Object.teardown (file:///E:/%E5%B7%A5%E4%BD%9C%E5%
8F%B0/odoo/legal-workspace-vue/node_modules/vitest/dist/c
hunks/index.BspFP3mn.js:392:10)
    at file:///E:/%E5%B7%A5%E4%BD%9C%E5%8F%B0/odoo/legal-
workspace-vue/node_modules/vitest/dist/chunks/base.CTp-ES
tD.js:129:65
    at Traces.$ (file:///E:/%E5%B7%A5%E4%BD%9C%E5%8F%B0/o
doo/legal-workspace-vue/node_modules/vitest/dist/chunks/t
races.U4xDYhzZ.js:115:27)
DOMException [AbortError]: The operation was aborted.
    at Fetch.onAsyncTaskManagerAbort (file:///E:/%E5%B7%A
5%E4%BD%9C%E5%8F%B0/odoo/legal-workspace-vue/node_modules
/happy-dom/lib/fetch/Fetch.js:546:23)
    at Object.<anonymous> (file:///E:/%E5%B7%A5%E4%BD%9C%
E5%8F%B0/odoo/legal-workspace-vue/node_modules/happy-dom/
lib/fetch/Fetch.js:416:101)
    at AsyncTaskManager.abortAll (file:///E:/%E5%B7%A5%E4
%BD%9C%E5%8F%B0/odoo/legal-workspace-vue/node_modules/hap
py-dom/lib/async-task-manager/AsyncTaskManager.js:292:30)
    at AsyncTaskManager.abort (file:///E:/%E5%B7%A5%E4%BD
%9C%E5%8F%B0/odoo/legal-workspace-vue/node_modules/happy-
dom/lib/async-task-manager/AsyncTaskManager.js:52:21)
    at DetachedBrowserFrame.abort (file:///E:/%E5%B7%A5%E
4%BD%9C%E5%8F%B0/odoo/legal-workspace-vue/node_modules/ha
ppy-dom/lib/browser/detached-browser/DetachedBrowserFrame
.js:112:58)
    at DetachedWindowAPI.abort (file:///E:/%E5%B7%A5%E4%B
D%9C%E5%8F%B0/odoo/legal-workspace-vue/node_modules/happy
-dom/lib/window/DetachedWindowAPI.js:51:35)
    at teardownWindow (file:///E:/%E5%B7%A5%E4%BD%9C%E5%8
F%B0/odoo/legal-workspace-vue/node_modules/vitest/dist/ch
unks/index.BspFP3mn.js:331:22)
    at Object.teardown (file:///E:/%E5%B7%A5%E4%BD%9C%E5%
8F%B0/odoo/legal-workspace-vue/node_modules/vitest/dist/c
hunks/index.BspFP3mn.js:392:10)
    at file:///E:/%E5%B7%A5%E4%BD%9C%E5%8F%B0/odoo/legal-
workspace-vue/node_modules/vitest/dist/chunks/base.CTp-ES
tD.js:129:65
    at Traces.$ (file:///E:/%E5%B7%A5%E4%BD%9C%E5%8F%B0/o
doo/legal-workspace-vue/node_modules/vitest/dist/chunks/t
races.U4xDYhzZ.js:115:27)
DOMException [AbortError]: The operation was aborted.
    at Fetch.onAsyncTaskManagerAbort (file:///E:/%E5%B7%A
5%E4%BD%9C%E5%8F%B0/odoo/legal-workspace-vue/node_modules
/happy-dom/lib/fetch/Fetch.js:546:23)
    at Object.<anonymous> (file:///E:/%E5%B7%A5%E4%BD%9C%
E5%8F%B0/odoo/legal-workspace-vue/node_modules/happy-dom/
lib/fetch/Fetch.js:416:101)
    at AsyncTaskManager.abortAll (file:///E:/%E5%B7%A5%E4
%BD%9C%E5%8F%B0/odoo/legal-workspace-vue/node_modules/hap
py-dom/lib/async-task-manager/AsyncTaskManager.js:292:30)
    at AsyncTaskManager.abort (file:///E:/%E5%B7%A5%E4%BD
%9C%E5%8F%B0/odoo/legal-workspace-vue/node_modules/happy-
dom/lib/async-task-manager/AsyncTaskManager.js:52:21)
    at DetachedBrowserFrame.abort (file:///E:/%E5%B7%A5%E
4%BD%9C%E5%8F%B0/odoo/legal-workspace-vue/node_modules/ha
ppy-dom/lib/browser/detached-browser/DetachedBrowserFrame
.js:112:58)
    at DetachedWindowAPI.abort (file:///E:/%E5%B7%A5%E4%B
D%9C%E5%8F%B0/odoo/legal-workspace-vue/node_modules/happy
-dom/lib/window/DetachedWindowAPI.js:51:35)
    at teardownWindow (file:///E:/%E5%B7%A5%E4%BD%9C%E5%8
F%B0/odoo/legal-workspace-vue/node_modules/vitest/dist/ch
unks/index.BspFP3mn.js:331:22)
    at Object.teardown (file:///E:/%E5%B7%A5%E4%BD%9C%E5%
8F%B0/odoo/legal-workspace-vue/node_modules/vitest/dist/c
hunks/index.BspFP3mn.js:392:10)
    at file:///E:/%E5%B7%A5%E4%BD%9C%E5%8F%B0/odoo/legal-
workspace-vue/node_modules/vitest/dist/chunks/base.CTp-ES
tD.js:129:65
    at Traces.$ (file:///E:/%E5%B7%A5%E4%BD%9C%E5%8F%B0/o
doo/legal-workspace-vue/node_modules/vitest/dist/chunks/t
races.U4xDYhzZ.js:115:27)
DOMException [AbortError]: The operation was aborted.
    at Fetch.onAsyncTaskManagerAbort (file:///E:/%E5%B7%A
5%E4%BD%9C%E5%8F%B0/odoo/legal-workspace-vue/node_modules
/happy-dom/lib/fetch/Fetch.js:546:23)
    at Object.<anonymous> (file:///E:/%E5%B7%A5%E4%BD%9C%
E5%8F%B0/odoo/legal-workspace-vue/node_modules/happy-dom/
lib/fetch/Fetch.js:416:101)
    at AsyncTaskManager.abortAll (file:///E:/%E5%B7%A5%E4
%BD%9C%E5%8F%B0/odoo/legal-workspace-vue/node_modules/hap
py-dom/lib/async-task-manager/AsyncTaskManager.js:292:30)
    at AsyncTaskManager.abort (file:///E:/%E5%B7%A5%E4%BD
%9C%E5%8F%B0/odoo/legal-workspace-vue/node_modules/happy-
dom/lib/async-task-manager/AsyncTaskManager.js:52:21)
    at DetachedBrowserFrame.abort (file:///E:/%E5%B7%A5%E
4%BD%9C%E5%8F%B0/odoo/legal-workspace-vue/node_modules/ha
ppy-dom/lib/browser/detached-browser/DetachedBrowserFrame
.js:112:58)
    at DetachedWindowAPI.abort (file:///E:/%E5%B7%A5%E4%B
D%9C%E5%8F%B0/odoo/legal-workspace-vue/node_modules/happy
-dom/lib/window/DetachedWindowAPI.js:51:35)
    at teardownWindow (file:///E:/%E5%B7%A5%E4%BD%9C%E5%8
F%B0/odoo/legal-workspace-vue/node_modules/vitest/dist/ch
unks/index.BspFP3mn.js:331:22)
    at Object.teardown (file:///E:/%E5%B7%A5%E4%BD%9C%E5%
8F%B0/odoo/legal-workspace-vue/node_modules/vitest/dist/c
hunks/index.BspFP3mn.js:392:10)
    at file:///E:/%E5%B7%A5%E4%BD%9C%E5%8F%B0/odoo/legal-
workspace-vue/node_modules/vitest/dist/chunks/base.CTp-ES
tD.js:129:65
    at Traces.$ (file:///E:/%E5%B7%A5%E4%BD%9C%E5%8F%B0/o
doo/legal-workspace-vue/node_modules/vitest/dist/chunks/t
races.U4xDYhzZ.js:115:27)
